// Jest Snapshot v1, https://goo.gl/fbAQLP

exports[`CollectionItem component renders CollectionItem component 1`] = `ShallowWrapper {}`;
