// Jest Snapshot v1, https://goo.gl/fbAQLP

exports[`renders CheckoutPage component 1`] = `ShallowWrapper {}`;
