// Jest Snapshot v1, https://goo.gl/fbAQLP

exports[`renders FormInput component 1`] = `ShallowWrapper {}`;
