// Jest Snapshot v1, https://goo.gl/fbAQLP

exports[`renders CartIcon component 1`] = `ShallowWrapper {}`;
