// Jest Snapshot v1, https://goo.gl/fbAQLP

exports[`renders CartDropdown component 1`] = `ShallowWrapper {}`;
